avers
519.9844977044014
535.3653868377723
557.4079173008602
540.3345839637117
568.9601093144186
510.51571022963276
581.6667801002442
559.9283940274626
542.0080701182977
538.6726497834527
