cor_RX
0.7992502959973562
0.798163128079838
0.5516149588699133
0.5393036709855525
0.5563883141932704
0.8026678929411715
0.7882827124208286
0.8031434513300478
0.8047594743683553
0.8014281251597873
